ARM GAS  C:\Users\ROSS\AppData\Local\Temp\ccA3Sfkd.s 			page 1


   1              		.syntax unified
   2              		.cpu cortex-m3
   3              		.fpu softvfp
   4              		.eabi_attribute 20, 1
   5              		.eabi_attribute 21, 1
   6              		.eabi_attribute 23, 3
   7              		.eabi_attribute 24, 1
   8              		.eabi_attribute 25, 1
   9              		.eabi_attribute 26, 1
  10              		.eabi_attribute 30, 6
  11              		.eabi_attribute 34, 1
  12              		.eabi_attribute 18, 4
  13              		.thumb
  14              		.syntax unified
  15              		.file	"main.c"
  16              		.text
  17              	.Ltext0:
  18              		.cfi_sections	.debug_frame
  19              		.global	ts
  20              		.bss
  21              		.type	ts, %object
  22              		.size	ts, 1
  23              	ts:
  24 0000 00       		.space	1
  25              		.global	ts_enc
  26 0001 00       		.align	1
  27              		.type	ts_enc, %object
  28              		.size	ts_enc, 2
  29              	ts_enc:
  30 0002 0000     		.space	2
  31              		.global	ts_update
  32              		.align	1
  33              		.type	ts_update, %object
  34              		.size	ts_update, 2
  35              	ts_update:
  36 0004 0000     		.space	2
  37              		.global	ts_speed
  38              		.align	1
  39              		.type	ts_speed, %object
  40              		.size	ts_speed, 2
  41              	ts_speed:
  42 0006 0000     		.space	2
  43              		.global	ts_display
  44              		.align	1
  45              		.type	ts_display, %object
  46              		.size	ts_display, 2
  47              	ts_display:
  48 0008 0000     		.space	2
  49              		.global	flag_ts_enc
  50              		.type	flag_ts_enc, %object
  51              		.size	flag_ts_enc, 1
  52              	flag_ts_enc:
  53 000a 00       		.space	1
  54              		.global	flag_ts_update
  55              		.type	flag_ts_update, %object
  56              		.size	flag_ts_update, 1
  57              	flag_ts_update:
ARM GAS  C:\Users\ROSS\AppData\Local\Temp\ccA3Sfkd.s 			page 2


  58 000b 00       		.space	1
  59              		.global	flag_ts_speed
  60              		.type	flag_ts_speed, %object
  61              		.size	flag_ts_speed, 1
  62              	flag_ts_speed:
  63 000c 00       		.space	1
  64              		.global	flag_ts_display
  65              		.type	flag_ts_display, %object
  66              		.size	flag_ts_display, 1
  67              	flag_ts_display:
  68 000d 00       		.space	1
  69              		.global	flag_rx
  70              		.type	flag_rx, %object
  71              		.size	flag_rx, 1
  72              	flag_rx:
  73 000e 00       		.space	1
  74              		.global	flag_packet
  75              		.type	flag_packet, %object
  76              		.size	flag_packet, 1
  77              	flag_packet:
  78 000f 00       		.space	1
  79              		.global	flag_KB_string
  80              		.type	flag_KB_string, %object
  81              		.size	flag_KB_string, 1
  82              	flag_KB_string:
  83 0010 00       		.space	1
  84              		.global	dataready_flag
  85              		.type	dataready_flag, %object
  86              		.size	dataready_flag, 1
  87              	dataready_flag:
  88 0011 00       		.space	1
  89              		.global	flag_rf_transmission_active
  90              		.data
  91              		.type	flag_rf_transmission_active, %object
  92              		.size	flag_rf_transmission_active, 1
  93              	flag_rf_transmission_active:
  94 0000 0A       		.byte	10
  95              		.global	displaystring
  96 0001 000000   		.align	2
  97              		.type	displaystring, %object
  98              		.size	displaystring, 64
  99              	displaystring:
 100 0004 43533330 		.ascii	"CS301 2016\012\000"
 100      31203230 
 100      31360A00 
 101 0010 00000000 		.space	52
 101      00000000 
 101      00000000 
 101      00000000 
 101      00000000 
 102              		.comm	line,64,4
 103              		.comm	entry,64,4
 104              		.comm	usbBuffer,64,4
 105              		.comm	system_state,32,4
 106              		.section	.rodata
 107              		.align	2
 108              	.LC0:
ARM GAS  C:\Users\ROSS\AppData\Local\Temp\ccA3Sfkd.s 			page 3


 109 0000 70202564 		.ascii	"p %d\000"
 109      00
 110              		.section	.text.main,"ax",%progbits
 111              		.align	2
 112              		.global	main
 113              		.thumb
 114              		.thumb_func
 115              		.type	main, %function
 116              	main:
 117              	.LFB64:
 118              		.file 1 "main.c"
   1:main.c        **** /* ========================================
   2:main.c        ****  * Fully working code: 
   3:main.c        ****  * PWM      : 
   4:main.c        ****  * Encoder  : 
   5:main.c        ****  * ADC      :
   6:main.c        ****  * USB      : port displays speed and position.
   7:main.c        ****  * CMD: "PW xx"
   8:main.c        ****  * Copyright Univ of Auckland, 2016
   9:main.c        ****  * All Rights Reserved
  10:main.c        ****  * UNPUBLISHED, LICENSED SOFTWARE.
  11:main.c        ****  *
  12:main.c        ****  * CONFIDENTIAL AND PROPRIETARY INFORMATION
  13:main.c        ****  * WHICH IS THE PROPERTY OF Univ of Auckland.
  14:main.c        ****  *
  15:main.c        ****  * ========================================
  16:main.c        **** */
  17:main.c        **** #include <stdio.h>
  18:main.c        **** #include <string.h>
  19:main.c        **** #include <stdlib.h>
  20:main.c        **** #include <project.h>
  21:main.c        **** //* ========================================
  22:main.c        **** #include "defines.h"
  23:main.c        **** #include "vars.h"
  24:main.c        **** //* ========================================
  25:main.c        **** void usbPutString(char *s);
  26:main.c        **** void usbPutChar(char c);
  27:main.c        **** void handle_usb();
  28:main.c        **** //* ========================================
  29:main.c        **** 
  30:main.c        **** 
  31:main.c        **** int main()
  32:main.c        **** {
 119              		.loc 1 32 0
 120              		.cfi_startproc
 121              		@ args = 0, pretend = 0, frame = 8
 122              		@ frame_needed = 1, uses_anonymous_args = 0
 123 0000 80B5     		push	{r7, lr}
 124              		.cfi_def_cfa_offset 8
 125              		.cfi_offset 7, -8
 126              		.cfi_offset 14, -4
 127 0002 82B0     		sub	sp, sp, #8
 128              		.cfi_def_cfa_offset 16
 129 0004 00AF     		add	r7, sp, #0
 130              		.cfi_def_cfa_register 7
  33:main.c        ****     
  34:main.c        **** 
ARM GAS  C:\Users\ROSS\AppData\Local\Temp\ccA3Sfkd.s 			page 4


  35:main.c        **** // --------------------------------    
  36:main.c        **** // ----- INITIALIZATIONS ----------
  37:main.c        ****     CYGlobalIntEnable;
 131              		.loc 1 37 0
 132              		.syntax unified
 133              	@ 37 "main.c" 1
 134 0006 62B6     		CPSIE   i
 135              	@ 0 "" 2
  38:main.c        ****     PWM_1_Start();
 136              		.loc 1 38 0
 137              		.thumb
 138              		.syntax unified
 139 0008 FFF7FEFF 		bl	PWM_1_Start
  39:main.c        ****     PWM_1_WritePeriod(99);
 140              		.loc 1 39 0
 141 000c 6320     		movs	r0, #99
 142 000e FFF7FEFF 		bl	PWM_1_WritePeriod
  40:main.c        ****     PWM_1_WriteCompare(50);
 143              		.loc 1 40 0
 144 0012 3220     		movs	r0, #50
 145 0014 FFF7FEFF 		bl	PWM_1_WriteCompare
  41:main.c        ****     
  42:main.c        **** // ------USB SETUP ----------------    
  43:main.c        **** #ifdef USE_USB    
  44:main.c        ****     USBUART_Start(0,USBUART_5V_OPERATION);
 146              		.loc 1 44 0
 147 0018 0121     		movs	r1, #1
 148 001a 0020     		movs	r0, #0
 149 001c FFF7FEFF 		bl	USBUART_Start
  45:main.c        **** #endif        
  46:main.c        ****         
  47:main.c        ****     RF_BT_SELECT_Write(0);
 150              		.loc 1 47 0
 151 0020 0020     		movs	r0, #0
 152 0022 FFF7FEFF 		bl	RF_BT_SELECT_Write
  48:main.c        **** 
  49:main.c        ****     usbPutString(displaystring);
 153              		.loc 1 49 0
 154 0026 0F48     		ldr	r0, .L5
 155 0028 FFF7FEFF 		bl	usbPutString
 156              	.L4:
  50:main.c        ****     for(;;)
  51:main.c        ****     {
  52:main.c        ****         /* Place your application code here. */
  53:main.c        ****         handle_usb();
 157              		.loc 1 53 0
 158 002c FFF7FEFF 		bl	handle_usb
  54:main.c        ****         if (flag_KB_string == 1)
 159              		.loc 1 54 0
 160 0030 0D4B     		ldr	r3, .L5+4
 161 0032 1B78     		ldrb	r3, [r3]	@ zero_extendqisi2
 162 0034 012B     		cmp	r3, #1
 163 0036 F9D1     		bne	.L4
 164              	.LBB2:
  55:main.c        ****         {
  56:main.c        ****             int duty;
  57:main.c        ****             if(sscanf(line, "p %d", &duty) == 1){
ARM GAS  C:\Users\ROSS\AppData\Local\Temp\ccA3Sfkd.s 			page 5


 165              		.loc 1 57 0
 166 0038 3B1D     		adds	r3, r7, #4
 167 003a 1A46     		mov	r2, r3
 168 003c 0B49     		ldr	r1, .L5+8
 169 003e 0C48     		ldr	r0, .L5+12
 170 0040 FFF7FEFF 		bl	sscanf
 171 0044 0346     		mov	r3, r0
 172 0046 012B     		cmp	r3, #1
 173 0048 04D1     		bne	.L3
  58:main.c        ****                 PWM_1_WriteCompare(duty);
 174              		.loc 1 58 0
 175 004a 7B68     		ldr	r3, [r7, #4]
 176 004c DBB2     		uxtb	r3, r3
 177 004e 1846     		mov	r0, r3
 178 0050 FFF7FEFF 		bl	PWM_1_WriteCompare
 179              	.L3:
  59:main.c        ****             }
  60:main.c        ****             usbPutString(line);
 180              		.loc 1 60 0
 181 0054 0648     		ldr	r0, .L5+12
 182 0056 FFF7FEFF 		bl	usbPutString
  61:main.c        ****             flag_KB_string = 0;
 183              		.loc 1 61 0
 184 005a 034B     		ldr	r3, .L5+4
 185 005c 0022     		movs	r2, #0
 186 005e 1A70     		strb	r2, [r3]
 187              	.LBE2:
  62:main.c        ****         }        
  63:main.c        ****     }   
 188              		.loc 1 63 0
 189 0060 E4E7     		b	.L4
 190              	.L6:
 191 0062 00BF     		.align	2
 192              	.L5:
 193 0064 00000000 		.word	displaystring
 194 0068 00000000 		.word	flag_KB_string
 195 006c 00000000 		.word	.LC0
 196 0070 00000000 		.word	line
 197              		.cfi_endproc
 198              	.LFE64:
 199              		.size	main, .-main
 200              		.section	.text.usbPutString,"ax",%progbits
 201              		.align	2
 202              		.global	usbPutString
 203              		.thumb
 204              		.thumb_func
 205              		.type	usbPutString, %function
 206              	usbPutString:
 207              	.LFB65:
  64:main.c        **** }
  65:main.c        **** //* ========================================
  66:main.c        **** void usbPutString(char *s)
  67:main.c        **** {
 208              		.loc 1 67 0
 209              		.cfi_startproc
 210              		@ args = 0, pretend = 0, frame = 8
 211              		@ frame_needed = 1, uses_anonymous_args = 0
ARM GAS  C:\Users\ROSS\AppData\Local\Temp\ccA3Sfkd.s 			page 6


 212 0000 80B5     		push	{r7, lr}
 213              		.cfi_def_cfa_offset 8
 214              		.cfi_offset 7, -8
 215              		.cfi_offset 14, -4
 216 0002 82B0     		sub	sp, sp, #8
 217              		.cfi_def_cfa_offset 16
 218 0004 00AF     		add	r7, sp, #0
 219              		.cfi_def_cfa_register 7
 220 0006 7860     		str	r0, [r7, #4]
  68:main.c        **** // !! Assumes that *s is a string with allocated space >=64 chars     
  69:main.c        **** //  Since USB implementation retricts data packets to 64 chars, this function truncates the
  70:main.c        **** //  length to 62 char (63rd char is a '!')
  71:main.c        **** 
  72:main.c        **** #ifdef USE_USB     
  73:main.c        ****     while (USBUART_CDCIsReady() == 0);
 221              		.loc 1 73 0
 222 0008 00BF     		nop
 223              	.L8:
 224              		.loc 1 73 0 is_stmt 0 discriminator 1
 225 000a FFF7FEFF 		bl	USBUART_CDCIsReady
 226 000e 0346     		mov	r3, r0
 227 0010 002B     		cmp	r3, #0
 228 0012 FAD0     		beq	.L8
  74:main.c        ****     s[63]='\0';
 229              		.loc 1 74 0 is_stmt 1
 230 0014 7B68     		ldr	r3, [r7, #4]
 231 0016 3F33     		adds	r3, r3, #63
 232 0018 0022     		movs	r2, #0
 233 001a 1A70     		strb	r2, [r3]
  75:main.c        ****     s[62]='!';
 234              		.loc 1 75 0
 235 001c 7B68     		ldr	r3, [r7, #4]
 236 001e 3E33     		adds	r3, r3, #62
 237 0020 2122     		movs	r2, #33
 238 0022 1A70     		strb	r2, [r3]
  76:main.c        ****     USBUART_PutData((uint8*)s,strlen(s));
 239              		.loc 1 76 0
 240 0024 7868     		ldr	r0, [r7, #4]
 241 0026 FFF7FEFF 		bl	strlen
 242 002a 0346     		mov	r3, r0
 243 002c 9BB2     		uxth	r3, r3
 244 002e 1946     		mov	r1, r3
 245 0030 7868     		ldr	r0, [r7, #4]
 246 0032 FFF7FEFF 		bl	USBUART_PutData
  77:main.c        **** #endif
  78:main.c        **** }
 247              		.loc 1 78 0
 248 0036 00BF     		nop
 249 0038 0837     		adds	r7, r7, #8
 250              		.cfi_def_cfa_offset 8
 251 003a BD46     		mov	sp, r7
 252              		.cfi_def_cfa_register 13
 253              		@ sp needed
 254 003c 80BD     		pop	{r7, pc}
 255              		.cfi_endproc
 256              	.LFE65:
 257              		.size	usbPutString, .-usbPutString
ARM GAS  C:\Users\ROSS\AppData\Local\Temp\ccA3Sfkd.s 			page 7


 258 003e 00BF     		.section	.text.usbPutChar,"ax",%progbits
 259              		.align	2
 260              		.global	usbPutChar
 261              		.thumb
 262              		.thumb_func
 263              		.type	usbPutChar, %function
 264              	usbPutChar:
 265              	.LFB66:
  79:main.c        **** //* ========================================
  80:main.c        **** void usbPutChar(char c)
  81:main.c        **** {
 266              		.loc 1 81 0
 267              		.cfi_startproc
 268              		@ args = 0, pretend = 0, frame = 8
 269              		@ frame_needed = 1, uses_anonymous_args = 0
 270 0000 80B5     		push	{r7, lr}
 271              		.cfi_def_cfa_offset 8
 272              		.cfi_offset 7, -8
 273              		.cfi_offset 14, -4
 274 0002 82B0     		sub	sp, sp, #8
 275              		.cfi_def_cfa_offset 16
 276 0004 00AF     		add	r7, sp, #0
 277              		.cfi_def_cfa_register 7
 278 0006 0346     		mov	r3, r0
 279 0008 FB71     		strb	r3, [r7, #7]
  82:main.c        **** #ifdef USE_USB     
  83:main.c        ****     while (USBUART_CDCIsReady() == 0);
 280              		.loc 1 83 0
 281 000a 00BF     		nop
 282              	.L10:
 283              		.loc 1 83 0 is_stmt 0 discriminator 1
 284 000c FFF7FEFF 		bl	USBUART_CDCIsReady
 285 0010 0346     		mov	r3, r0
 286 0012 002B     		cmp	r3, #0
 287 0014 FAD0     		beq	.L10
  84:main.c        ****     USBUART_PutChar(c);
 288              		.loc 1 84 0 is_stmt 1
 289 0016 FB79     		ldrb	r3, [r7, #7]	@ zero_extendqisi2
 290 0018 1846     		mov	r0, r3
 291 001a FFF7FEFF 		bl	USBUART_PutChar
  85:main.c        **** #endif    
  86:main.c        **** }
 292              		.loc 1 86 0
 293 001e 00BF     		nop
 294 0020 0837     		adds	r7, r7, #8
 295              		.cfi_def_cfa_offset 8
 296 0022 BD46     		mov	sp, r7
 297              		.cfi_def_cfa_register 13
 298              		@ sp needed
 299 0024 80BD     		pop	{r7, pc}
 300              		.cfi_endproc
 301              	.LFE66:
 302              		.size	usbPutChar, .-usbPutChar
 303 0026 00BF     		.section	.text.handle_usb,"ax",%progbits
 304              		.align	2
 305              		.global	handle_usb
 306              		.thumb
ARM GAS  C:\Users\ROSS\AppData\Local\Temp\ccA3Sfkd.s 			page 8


 307              		.thumb_func
 308              		.type	handle_usb, %function
 309              	handle_usb:
 310              	.LFB67:
  87:main.c        **** //* ========================================
  88:main.c        **** void handle_usb()
  89:main.c        **** {
 311              		.loc 1 89 0
 312              		.cfi_startproc
 313              		@ args = 0, pretend = 0, frame = 8
 314              		@ frame_needed = 1, uses_anonymous_args = 0
 315 0000 80B5     		push	{r7, lr}
 316              		.cfi_def_cfa_offset 8
 317              		.cfi_offset 7, -8
 318              		.cfi_offset 14, -4
 319 0002 82B0     		sub	sp, sp, #8
 320              		.cfi_def_cfa_offset 16
 321 0004 00AF     		add	r7, sp, #0
 322              		.cfi_def_cfa_register 7
  90:main.c        ****     // handles input at terminal, echos it back to the terminal
  91:main.c        ****     // turn echo OFF, key emulation: only CR
  92:main.c        ****     // entered string is made available in 'line' and 'flag_KB_string' is set
  93:main.c        ****     
  94:main.c        ****     static uint8 usbStarted = FALSE;
  95:main.c        ****     static uint16 usbBufCount = 0;
  96:main.c        ****     uint8 c; 
  97:main.c        ****     
  98:main.c        **** 
  99:main.c        ****     if (!usbStarted)
 323              		.loc 1 99 0
 324 0006 2B4B     		ldr	r3, .L21
 325 0008 1B78     		ldrb	r3, [r3]	@ zero_extendqisi2
 326 000a 002B     		cmp	r3, #0
 327 000c 0AD1     		bne	.L12
 100:main.c        ****     {
 101:main.c        ****         if (USBUART_GetConfiguration())
 328              		.loc 1 101 0
 329 000e FFF7FEFF 		bl	USBUART_GetConfiguration
 330 0012 0346     		mov	r3, r0
 331 0014 002B     		cmp	r3, #0
 332 0016 49D0     		beq	.L20
 102:main.c        ****         {
 103:main.c        ****             USBUART_CDC_Init();
 333              		.loc 1 103 0
 334 0018 FFF7FEFF 		bl	USBUART_CDC_Init
 104:main.c        ****             usbStarted = TRUE;
 335              		.loc 1 104 0
 336 001c 254B     		ldr	r3, .L21
 337 001e 0122     		movs	r2, #1
 338 0020 1A70     		strb	r2, [r3]
 105:main.c        ****         }
 106:main.c        ****     }
 107:main.c        ****     else
 108:main.c        ****     {
 109:main.c        ****         if (USBUART_DataIsReady() != 0)
 110:main.c        ****         {  
 111:main.c        ****             c = USBUART_GetChar();
ARM GAS  C:\Users\ROSS\AppData\Local\Temp\ccA3Sfkd.s 			page 9


 112:main.c        **** 
 113:main.c        ****             if ((c == 13) || (c == 10))
 114:main.c        ****             {
 115:main.c        **** //                if (usbBufCount > 0)
 116:main.c        ****                 {
 117:main.c        ****                     entry[usbBufCount]= '\0';
 118:main.c        ****                     strcpy(line,entry);
 119:main.c        ****                     usbBufCount = 0;
 120:main.c        ****                     flag_KB_string = 1;
 121:main.c        ****                 }
 122:main.c        ****             }
 123:main.c        ****             else 
 124:main.c        ****             {
 125:main.c        ****                 if (((c == CHAR_BACKSP) || (c == CHAR_DEL) ) && (usbBufCount > 0) )
 126:main.c        ****                     usbBufCount--;
 127:main.c        ****                 else
 128:main.c        ****                 {
 129:main.c        ****                     if (usbBufCount > (BUF_SIZE-2) ) // one less else strtok triggers a crash
 130:main.c        ****                     {
 131:main.c        ****                        USBUART_PutChar('!');        
 132:main.c        ****                     }
 133:main.c        ****                     else
 134:main.c        ****                         entry[usbBufCount++] = c;  
 135:main.c        ****                 }  
 136:main.c        ****             }
 137:main.c        ****         }
 138:main.c        ****     }    
 139:main.c        **** }
 339              		.loc 1 139 0
 340 0022 43E0     		b	.L20
 341              	.L12:
 109:main.c        ****         {  
 342              		.loc 1 109 0
 343 0024 FFF7FEFF 		bl	USBUART_DataIsReady
 344 0028 0346     		mov	r3, r0
 345 002a 002B     		cmp	r3, #0
 346 002c 3ED0     		beq	.L20
 111:main.c        **** 
 347              		.loc 1 111 0
 348 002e FFF7FEFF 		bl	USBUART_GetChar
 349 0032 0346     		mov	r3, r0
 350 0034 FB71     		strb	r3, [r7, #7]
 113:main.c        ****             {
 351              		.loc 1 113 0
 352 0036 FB79     		ldrb	r3, [r7, #7]	@ zero_extendqisi2
 353 0038 0D2B     		cmp	r3, #13
 354 003a 02D0     		beq	.L15
 113:main.c        ****             {
 355              		.loc 1 113 0 is_stmt 0 discriminator 1
 356 003c FB79     		ldrb	r3, [r7, #7]	@ zero_extendqisi2
 357 003e 0A2B     		cmp	r3, #10
 358 0040 10D1     		bne	.L16
 359              	.L15:
 117:main.c        ****                     strcpy(line,entry);
 360              		.loc 1 117 0 is_stmt 1
 361 0042 1D4B     		ldr	r3, .L21+4
 362 0044 1B88     		ldrh	r3, [r3]
ARM GAS  C:\Users\ROSS\AppData\Local\Temp\ccA3Sfkd.s 			page 10


 363 0046 1A46     		mov	r2, r3
 364 0048 1C4B     		ldr	r3, .L21+8
 365 004a 0021     		movs	r1, #0
 366 004c 9954     		strb	r1, [r3, r2]
 118:main.c        ****                     usbBufCount = 0;
 367              		.loc 1 118 0
 368 004e 1B49     		ldr	r1, .L21+8
 369 0050 1B48     		ldr	r0, .L21+12
 370 0052 FFF7FEFF 		bl	strcpy
 119:main.c        ****                     flag_KB_string = 1;
 371              		.loc 1 119 0
 372 0056 184B     		ldr	r3, .L21+4
 373 0058 0022     		movs	r2, #0
 374 005a 1A80     		strh	r2, [r3]	@ movhi
 120:main.c        ****                 }
 375              		.loc 1 120 0
 376 005c 194B     		ldr	r3, .L21+16
 377 005e 0122     		movs	r2, #1
 378 0060 1A70     		strb	r2, [r3]
 379 0062 23E0     		b	.L14
 380              	.L16:
 125:main.c        ****                     usbBufCount--;
 381              		.loc 1 125 0
 382 0064 FB79     		ldrb	r3, [r7, #7]	@ zero_extendqisi2
 383 0066 082B     		cmp	r3, #8
 384 0068 02D0     		beq	.L17
 125:main.c        ****                     usbBufCount--;
 385              		.loc 1 125 0 is_stmt 0 discriminator 2
 386 006a FB79     		ldrb	r3, [r7, #7]	@ zero_extendqisi2
 387 006c 7F2B     		cmp	r3, #127
 388 006e 0AD1     		bne	.L18
 389              	.L17:
 125:main.c        ****                     usbBufCount--;
 390              		.loc 1 125 0 discriminator 3
 391 0070 114B     		ldr	r3, .L21+4
 392 0072 1B88     		ldrh	r3, [r3]
 393 0074 002B     		cmp	r3, #0
 394 0076 06D0     		beq	.L18
 126:main.c        ****                 else
 395              		.loc 1 126 0 is_stmt 1
 396 0078 0F4B     		ldr	r3, .L21+4
 397 007a 1B88     		ldrh	r3, [r3]
 398 007c 013B     		subs	r3, r3, #1
 399 007e 9AB2     		uxth	r2, r3
 400 0080 0D4B     		ldr	r3, .L21+4
 401 0082 1A80     		strh	r2, [r3]	@ movhi
 402 0084 12E0     		b	.L14
 403              	.L18:
 129:main.c        ****                     {
 404              		.loc 1 129 0
 405 0086 0C4B     		ldr	r3, .L21+4
 406 0088 1B88     		ldrh	r3, [r3]
 407 008a 3E2B     		cmp	r3, #62
 408 008c 03D9     		bls	.L19
 131:main.c        ****                     }
 409              		.loc 1 131 0
 410 008e 2120     		movs	r0, #33
ARM GAS  C:\Users\ROSS\AppData\Local\Temp\ccA3Sfkd.s 			page 11


 411 0090 FFF7FEFF 		bl	USBUART_PutChar
 412              		.loc 1 139 0
 413 0094 0AE0     		b	.L20
 414              	.L19:
 134:main.c        ****                 }  
 415              		.loc 1 134 0
 416 0096 084B     		ldr	r3, .L21+4
 417 0098 1B88     		ldrh	r3, [r3]
 418 009a 5A1C     		adds	r2, r3, #1
 419 009c 91B2     		uxth	r1, r2
 420 009e 064A     		ldr	r2, .L21+4
 421 00a0 1180     		strh	r1, [r2]	@ movhi
 422 00a2 1946     		mov	r1, r3
 423 00a4 054A     		ldr	r2, .L21+8
 424 00a6 FB79     		ldrb	r3, [r7, #7]
 425 00a8 5354     		strb	r3, [r2, r1]
 426              		.loc 1 139 0
 427 00aa FFE7     		b	.L20
 428              	.L14:
 429              	.L20:
 430 00ac 00BF     		nop
 431 00ae 0837     		adds	r7, r7, #8
 432              		.cfi_def_cfa_offset 8
 433 00b0 BD46     		mov	sp, r7
 434              		.cfi_def_cfa_register 13
 435              		@ sp needed
 436 00b2 80BD     		pop	{r7, pc}
 437              	.L22:
 438              		.align	2
 439              	.L21:
 440 00b4 12000000 		.word	usbStarted.8128
 441 00b8 14000000 		.word	usbBufCount.8129
 442 00bc 00000000 		.word	entry
 443 00c0 00000000 		.word	line
 444 00c4 00000000 		.word	flag_KB_string
 445              		.cfi_endproc
 446              	.LFE67:
 447              		.size	handle_usb, .-handle_usb
 448              		.bss
 449              	usbStarted.8128:
 450 0012 00       		.space	1
 451 0013 00       		.align	1
 452              	usbBufCount.8129:
 453 0014 0000     		.space	2
 454              		.text
 455              	.Letext0:
 456              		.file 2 "d:\\program files (x86)\\cypress\\psoc creator\\4.4\\psoc creator\\import\\gnu\\arm\\5.4.
 457              		.file 3 "d:\\program files (x86)\\cypress\\psoc creator\\4.4\\psoc creator\\import\\gnu\\arm\\5.4.
 458              		.file 4 "Generated_Source\\PSoC5/cytypes.h"
 459              		.file 5 "vars.h"
 460              		.file 6 "Generated_Source\\PSoC5/core_cm3.h"
 461              		.section	.debug_info,"",%progbits
 462              	.Ldebug_info0:
 463 0000 DD030000 		.4byte	0x3dd
 464 0004 0400     		.2byte	0x4
 465 0006 00000000 		.4byte	.Ldebug_abbrev0
 466 000a 04       		.byte	0x4
ARM GAS  C:\Users\ROSS\AppData\Local\Temp\ccA3Sfkd.s 			page 12


 467 000b 01       		.uleb128 0x1
 468 000c 75000000 		.4byte	.LASF62
 469 0010 0C       		.byte	0xc
 470 0011 EE020000 		.4byte	.LASF63
 471 0015 8E010000 		.4byte	.LASF64
 472 0019 00000000 		.4byte	.Ldebug_ranges0+0
 473 001d 00000000 		.4byte	0
 474 0021 00000000 		.4byte	.Ldebug_line0
 475 0025 02       		.uleb128 0x2
 476 0026 01       		.byte	0x1
 477 0027 06       		.byte	0x6
 478 0028 31020000 		.4byte	.LASF0
 479 002c 02       		.uleb128 0x2
 480 002d 01       		.byte	0x1
 481 002e 08       		.byte	0x8
 482 002f 06020000 		.4byte	.LASF1
 483 0033 02       		.uleb128 0x2
 484 0034 02       		.byte	0x2
 485 0035 05       		.byte	0x5
 486 0036 4B000000 		.4byte	.LASF2
 487 003a 02       		.uleb128 0x2
 488 003b 02       		.byte	0x2
 489 003c 07       		.byte	0x7
 490 003d 8D020000 		.4byte	.LASF3
 491 0041 03       		.uleb128 0x3
 492 0042 27030000 		.4byte	.LASF12
 493 0046 02       		.byte	0x2
 494 0047 3F       		.byte	0x3f
 495 0048 4C000000 		.4byte	0x4c
 496 004c 02       		.uleb128 0x2
 497 004d 04       		.byte	0x4
 498 004e 05       		.byte	0x5
 499 004f 85010000 		.4byte	.LASF4
 500 0053 02       		.uleb128 0x2
 501 0054 04       		.byte	0x4
 502 0055 07       		.byte	0x7
 503 0056 F5020000 		.4byte	.LASF5
 504 005a 02       		.uleb128 0x2
 505 005b 08       		.byte	0x8
 506 005c 05       		.byte	0x5
 507 005d 39010000 		.4byte	.LASF6
 508 0061 02       		.uleb128 0x2
 509 0062 08       		.byte	0x8
 510 0063 07       		.byte	0x7
 511 0064 3D020000 		.4byte	.LASF7
 512 0068 04       		.uleb128 0x4
 513 0069 04       		.byte	0x4
 514 006a 05       		.byte	0x5
 515 006b 696E7400 		.ascii	"int\000"
 516 006f 02       		.uleb128 0x2
 517 0070 04       		.byte	0x4
 518 0071 07       		.byte	0x7
 519 0072 54020000 		.4byte	.LASF8
 520 0076 02       		.uleb128 0x2
 521 0077 08       		.byte	0x8
 522 0078 04       		.byte	0x4
 523 0079 FA010000 		.4byte	.LASF9
ARM GAS  C:\Users\ROSS\AppData\Local\Temp\ccA3Sfkd.s 			page 13


 524 007d 02       		.uleb128 0x2
 525 007e 04       		.byte	0x4
 526 007f 07       		.byte	0x7
 527 0080 62000000 		.4byte	.LASF10
 528 0084 05       		.uleb128 0x5
 529 0085 04       		.byte	0x4
 530 0086 8A000000 		.4byte	0x8a
 531 008a 02       		.uleb128 0x2
 532 008b 01       		.byte	0x1
 533 008c 08       		.byte	0x8
 534 008d AA020000 		.4byte	.LASF11
 535 0091 03       		.uleb128 0x3
 536 0092 BA020000 		.4byte	.LASF13
 537 0096 03       		.byte	0x3
 538 0097 2C       		.byte	0x2c
 539 0098 41000000 		.4byte	0x41
 540 009c 06       		.uleb128 0x6
 541 009d 1B010000 		.4byte	.LASF14
 542 00a1 04       		.byte	0x4
 543 00a2 E901     		.2byte	0x1e9
 544 00a4 2C000000 		.4byte	0x2c
 545 00a8 06       		.uleb128 0x6
 546 00a9 08010000 		.4byte	.LASF15
 547 00ad 04       		.byte	0x4
 548 00ae EA01     		.2byte	0x1ea
 549 00b0 3A000000 		.4byte	0x3a
 550 00b4 06       		.uleb128 0x6
 551 00b5 54010000 		.4byte	.LASF16
 552 00b9 04       		.byte	0x4
 553 00ba EC01     		.2byte	0x1ec
 554 00bc 25000000 		.4byte	0x25
 555 00c0 06       		.uleb128 0x6
 556 00c1 15010000 		.4byte	.LASF17
 557 00c5 04       		.byte	0x4
 558 00c6 ED01     		.2byte	0x1ed
 559 00c8 33000000 		.4byte	0x33
 560 00cc 02       		.uleb128 0x2
 561 00cd 04       		.byte	0x4
 562 00ce 04       		.byte	0x4
 563 00cf 33010000 		.4byte	.LASF18
 564 00d3 02       		.uleb128 0x2
 565 00d4 08       		.byte	0x8
 566 00d5 04       		.byte	0x4
 567 00d6 12000000 		.4byte	.LASF19
 568 00da 07       		.uleb128 0x7
 569 00db A0020000 		.4byte	.LASF65
 570 00df 20       		.byte	0x20
 571 00e0 05       		.byte	0x5
 572 00e1 29       		.byte	0x29
 573 00e2 B3010000 		.4byte	0x1b3
 574 00e6 08       		.uleb128 0x8
 575 00e7 8D030000 		.4byte	.LASF20
 576 00eb 05       		.byte	0x5
 577 00ec 2A       		.byte	0x2a
 578 00ed B4000000 		.4byte	0xb4
 579 00f1 00       		.byte	0
 580 00f2 08       		.uleb128 0x8
ARM GAS  C:\Users\ROSS\AppData\Local\Temp\ccA3Sfkd.s 			page 14


 581 00f3 0F010000 		.4byte	.LASF21
 582 00f7 05       		.byte	0x5
 583 00f8 2B       		.byte	0x2b
 584 00f9 9C000000 		.4byte	0x9c
 585 00fd 01       		.byte	0x1
 586 00fe 08       		.uleb128 0x8
 587 00ff AF020000 		.4byte	.LASF22
 588 0103 05       		.byte	0x5
 589 0104 2C       		.byte	0x2c
 590 0105 C0000000 		.4byte	0xc0
 591 0109 02       		.byte	0x2
 592 010a 08       		.uleb128 0x8
 593 010b 75030000 		.4byte	.LASF23
 594 010f 05       		.byte	0x5
 595 0110 2D       		.byte	0x2d
 596 0111 C0000000 		.4byte	0xc0
 597 0115 04       		.byte	0x4
 598 0116 08       		.uleb128 0x8
 599 0117 92030000 		.4byte	.LASF24
 600 011b 05       		.byte	0x5
 601 011c 2E       		.byte	0x2e
 602 011d C0000000 		.4byte	0xc0
 603 0121 06       		.byte	0x6
 604 0122 08       		.uleb128 0x8
 605 0123 7D010000 		.4byte	.LASF25
 606 0127 05       		.byte	0x5
 607 0128 2F       		.byte	0x2f
 608 0129 C0000000 		.4byte	0xc0
 609 012d 08       		.byte	0x8
 610 012e 08       		.uleb128 0x8
 611 012f 31030000 		.4byte	.LASF26
 612 0133 05       		.byte	0x5
 613 0134 30       		.byte	0x30
 614 0135 C0000000 		.4byte	0xc0
 615 0139 0A       		.byte	0xa
 616 013a 08       		.uleb128 0x8
 617 013b 19020000 		.4byte	.LASF27
 618 013f 05       		.byte	0x5
 619 0140 31       		.byte	0x31
 620 0141 C0000000 		.4byte	0xc0
 621 0145 0C       		.byte	0xc
 622 0146 08       		.uleb128 0x8
 623 0147 70010000 		.4byte	.LASF28
 624 014b 05       		.byte	0x5
 625 014c 32       		.byte	0x32
 626 014d C0000000 		.4byte	0xc0
 627 0151 0E       		.byte	0xe
 628 0152 08       		.uleb128 0x8
 629 0153 85020000 		.4byte	.LASF29
 630 0157 05       		.byte	0x5
 631 0158 33       		.byte	0x33
 632 0159 C0000000 		.4byte	0xc0
 633 015d 10       		.byte	0x10
 634 015e 08       		.uleb128 0x8
 635 015f C2020000 		.4byte	.LASF30
 636 0163 05       		.byte	0x5
 637 0164 34       		.byte	0x34
ARM GAS  C:\Users\ROSS\AppData\Local\Temp\ccA3Sfkd.s 			page 15


 638 0165 C0000000 		.4byte	0xc0
 639 0169 12       		.byte	0x12
 640 016a 08       		.uleb128 0x8
 641 016b D7020000 		.4byte	.LASF31
 642 016f 05       		.byte	0x5
 643 0170 35       		.byte	0x35
 644 0171 C0000000 		.4byte	0xc0
 645 0175 14       		.byte	0x14
 646 0176 08       		.uleb128 0x8
 647 0177 21010000 		.4byte	.LASF32
 648 017b 05       		.byte	0x5
 649 017c 36       		.byte	0x36
 650 017d C0000000 		.4byte	0xc0
 651 0181 16       		.byte	0x16
 652 0182 08       		.uleb128 0x8
 653 0183 43000000 		.4byte	.LASF33
 654 0187 05       		.byte	0x5
 655 0188 37       		.byte	0x37
 656 0189 C0000000 		.4byte	0xc0
 657 018d 18       		.byte	0x18
 658 018e 08       		.uleb128 0x8
 659 018f 68010000 		.4byte	.LASF34
 660 0193 05       		.byte	0x5
 661 0194 38       		.byte	0x38
 662 0195 C0000000 		.4byte	0xc0
 663 0199 1A       		.byte	0x1a
 664 019a 08       		.uleb128 0x8
 665 019b 7C020000 		.4byte	.LASF35
 666 019f 05       		.byte	0x5
 667 01a0 39       		.byte	0x39
 668 01a1 C0000000 		.4byte	0xc0
 669 01a5 1C       		.byte	0x1c
 670 01a6 08       		.uleb128 0x8
 671 01a7 CA020000 		.4byte	.LASF36
 672 01ab 05       		.byte	0x5
 673 01ac 3A       		.byte	0x3a
 674 01ad C0000000 		.4byte	0xc0
 675 01b1 1E       		.byte	0x1e
 676 01b2 00       		.byte	0
 677 01b3 09       		.uleb128 0x9
 678 01b4 03010000 		.4byte	.LASF37
 679 01b8 01       		.byte	0x1
 680 01b9 1F       		.byte	0x1f
 681 01ba 68000000 		.4byte	0x68
 682 01be 00000000 		.4byte	.LFB64
 683 01c2 74000000 		.4byte	.LFE64-.LFB64
 684 01c6 01       		.uleb128 0x1
 685 01c7 9C       		.byte	0x9c
 686 01c8 E5010000 		.4byte	0x1e5
 687 01cc 0A       		.uleb128 0xa
 688 01cd 38000000 		.4byte	.LBB2
 689 01d1 28000000 		.4byte	.LBE2-.LBB2
 690 01d5 0B       		.uleb128 0xb
 691 01d6 14020000 		.4byte	.LASF40
 692 01da 01       		.byte	0x1
 693 01db 38       		.byte	0x38
 694 01dc 68000000 		.4byte	0x68
ARM GAS  C:\Users\ROSS\AppData\Local\Temp\ccA3Sfkd.s 			page 16


 695 01e0 02       		.uleb128 0x2
 696 01e1 91       		.byte	0x91
 697 01e2 74       		.sleb128 -12
 698 01e3 00       		.byte	0
 699 01e4 00       		.byte	0
 700 01e5 0C       		.uleb128 0xc
 701 01e6 47010000 		.4byte	.LASF38
 702 01ea 01       		.byte	0x1
 703 01eb 42       		.byte	0x42
 704 01ec 00000000 		.4byte	.LFB65
 705 01f0 3E000000 		.4byte	.LFE65-.LFB65
 706 01f4 01       		.uleb128 0x1
 707 01f5 9C       		.byte	0x9c
 708 01f6 07020000 		.4byte	0x207
 709 01fa 0D       		.uleb128 0xd
 710 01fb 7300     		.ascii	"s\000"
 711 01fd 01       		.byte	0x1
 712 01fe 42       		.byte	0x42
 713 01ff 84000000 		.4byte	0x84
 714 0203 02       		.uleb128 0x2
 715 0204 91       		.byte	0x91
 716 0205 74       		.sleb128 -12
 717 0206 00       		.byte	0
 718 0207 0C       		.uleb128 0xc
 719 0208 00000000 		.4byte	.LASF39
 720 020c 01       		.byte	0x1
 721 020d 50       		.byte	0x50
 722 020e 00000000 		.4byte	.LFB66
 723 0212 26000000 		.4byte	.LFE66-.LFB66
 724 0216 01       		.uleb128 0x1
 725 0217 9C       		.byte	0x9c
 726 0218 29020000 		.4byte	0x229
 727 021c 0D       		.uleb128 0xd
 728 021d 6300     		.ascii	"c\000"
 729 021f 01       		.byte	0x1
 730 0220 50       		.byte	0x50
 731 0221 8A000000 		.4byte	0x8a
 732 0225 02       		.uleb128 0x2
 733 0226 91       		.byte	0x91
 734 0227 77       		.sleb128 -9
 735 0228 00       		.byte	0
 736 0229 0E       		.uleb128 0xe
 737 022a 4E030000 		.4byte	.LASF66
 738 022e 01       		.byte	0x1
 739 022f 58       		.byte	0x58
 740 0230 00000000 		.4byte	.LFB67
 741 0234 C8000000 		.4byte	.LFE67-.LFB67
 742 0238 01       		.uleb128 0x1
 743 0239 9C       		.byte	0x9c
 744 023a 6D020000 		.4byte	0x26d
 745 023e 0B       		.uleb128 0xb
 746 023f 07030000 		.4byte	.LASF41
 747 0243 01       		.byte	0x1
 748 0244 5E       		.byte	0x5e
 749 0245 9C000000 		.4byte	0x9c
 750 0249 05       		.uleb128 0x5
 751 024a 03       		.byte	0x3
ARM GAS  C:\Users\ROSS\AppData\Local\Temp\ccA3Sfkd.s 			page 17


 752 024b 12000000 		.4byte	usbStarted.8128
 753 024f 0B       		.uleb128 0xb
 754 0250 70020000 		.4byte	.LASF42
 755 0254 01       		.byte	0x1
 756 0255 5F       		.byte	0x5f
 757 0256 A8000000 		.4byte	0xa8
 758 025a 05       		.uleb128 0x5
 759 025b 03       		.byte	0x3
 760 025c 14000000 		.4byte	usbBufCount.8129
 761 0260 0F       		.uleb128 0xf
 762 0261 6300     		.ascii	"c\000"
 763 0263 01       		.byte	0x1
 764 0264 60       		.byte	0x60
 765 0265 9C000000 		.4byte	0x9c
 766 0269 02       		.uleb128 0x2
 767 026a 91       		.byte	0x91
 768 026b 77       		.sleb128 -9
 769 026c 00       		.byte	0
 770 026d 10       		.uleb128 0x10
 771 026e 80030000 		.4byte	.LASF43
 772 0272 06       		.byte	0x6
 773 0273 1207     		.2byte	0x712
 774 0275 79020000 		.4byte	0x279
 775 0279 11       		.uleb128 0x11
 776 027a 91000000 		.4byte	0x91
 777 027e 12       		.uleb128 0x12
 778 027f 747300   		.ascii	"ts\000"
 779 0282 05       		.byte	0x5
 780 0283 10       		.byte	0x10
 781 0284 9C000000 		.4byte	0x9c
 782 0288 05       		.uleb128 0x5
 783 0289 03       		.byte	0x3
 784 028a 00000000 		.4byte	ts
 785 028e 13       		.uleb128 0x13
 786 028f 0B000000 		.4byte	.LASF44
 787 0293 05       		.byte	0x5
 788 0294 11       		.byte	0x11
 789 0295 A8000000 		.4byte	0xa8
 790 0299 05       		.uleb128 0x5
 791 029a 03       		.byte	0x3
 792 029b 00000000 		.4byte	ts_enc
 793 029f 13       		.uleb128 0x13
 794 02a0 44030000 		.4byte	.LASF45
 795 02a4 05       		.byte	0x5
 796 02a5 12       		.byte	0x12
 797 02a6 A8000000 		.4byte	0xa8
 798 02aa 05       		.uleb128 0x5
 799 02ab 03       		.byte	0x3
 800 02ac 00000000 		.4byte	ts_update
 801 02b0 13       		.uleb128 0x13
 802 02b1 12030000 		.4byte	.LASF46
 803 02b5 05       		.byte	0x5
 804 02b6 13       		.byte	0x13
 805 02b7 A8000000 		.4byte	0xa8
 806 02bb 05       		.uleb128 0x5
 807 02bc 03       		.byte	0x3
 808 02bd 00000000 		.4byte	ts_speed
ARM GAS  C:\Users\ROSS\AppData\Local\Temp\ccA3Sfkd.s 			page 18


 809 02c1 13       		.uleb128 0x13
 810 02c2 39030000 		.4byte	.LASF47
 811 02c6 05       		.byte	0x5
 812 02c7 14       		.byte	0x14
 813 02c8 A8000000 		.4byte	0xa8
 814 02cc 05       		.uleb128 0x5
 815 02cd 03       		.byte	0x3
 816 02ce 00000000 		.4byte	ts_display
 817 02d2 13       		.uleb128 0x13
 818 02d3 1B030000 		.4byte	.LASF48
 819 02d7 05       		.byte	0x5
 820 02d8 16       		.byte	0x16
 821 02d9 9C000000 		.4byte	0x9c
 822 02dd 05       		.uleb128 0x5
 823 02de 03       		.byte	0x3
 824 02df 00000000 		.4byte	flag_ts_enc
 825 02e3 13       		.uleb128 0x13
 826 02e4 59010000 		.4byte	.LASF49
 827 02e8 05       		.byte	0x5
 828 02e9 17       		.byte	0x17
 829 02ea 9C000000 		.4byte	0x9c
 830 02ee 05       		.uleb128 0x5
 831 02ef 03       		.byte	0x3
 832 02f0 00000000 		.4byte	flag_ts_update
 833 02f4 13       		.uleb128 0x13
 834 02f5 35000000 		.4byte	.LASF50
 835 02f9 05       		.byte	0x5
 836 02fa 18       		.byte	0x18
 837 02fb 9C000000 		.4byte	0x9c
 838 02ff 05       		.uleb128 0x5
 839 0300 03       		.byte	0x3
 840 0301 00000000 		.4byte	flag_ts_speed
 841 0305 13       		.uleb128 0x13
 842 0306 25000000 		.4byte	.LASF51
 843 030a 05       		.byte	0x5
 844 030b 19       		.byte	0x19
 845 030c 9C000000 		.4byte	0x9c
 846 0310 05       		.uleb128 0x5
 847 0311 03       		.byte	0x3
 848 0312 00000000 		.4byte	flag_ts_display
 849 0316 13       		.uleb128 0x13
 850 0317 EC010000 		.4byte	.LASF52
 851 031b 05       		.byte	0x5
 852 031c 1C       		.byte	0x1c
 853 031d 9C000000 		.4byte	0x9c
 854 0321 05       		.uleb128 0x5
 855 0322 03       		.byte	0x3
 856 0323 00000000 		.4byte	flag_rx
 857 0327 13       		.uleb128 0x13
 858 0328 19000000 		.4byte	.LASF53
 859 032c 05       		.byte	0x5
 860 032d 1D       		.byte	0x1d
 861 032e 9C000000 		.4byte	0x9c
 862 0332 05       		.uleb128 0x5
 863 0333 03       		.byte	0x3
 864 0334 00000000 		.4byte	flag_packet
 865 0338 13       		.uleb128 0x13
ARM GAS  C:\Users\ROSS\AppData\Local\Temp\ccA3Sfkd.s 			page 19


 866 0339 61020000 		.4byte	.LASF54
 867 033d 05       		.byte	0x5
 868 033e 1E       		.byte	0x1e
 869 033f 9C000000 		.4byte	0x9c
 870 0343 05       		.uleb128 0x5
 871 0344 03       		.byte	0x3
 872 0345 00000000 		.4byte	flag_KB_string
 873 0349 13       		.uleb128 0x13
 874 034a 22020000 		.4byte	.LASF55
 875 034e 05       		.byte	0x5
 876 034f 20       		.byte	0x20
 877 0350 9C000000 		.4byte	0x9c
 878 0354 05       		.uleb128 0x5
 879 0355 03       		.byte	0x3
 880 0356 00000000 		.4byte	dataready_flag
 881 035a 13       		.uleb128 0x13
 882 035b 59030000 		.4byte	.LASF56
 883 035f 05       		.byte	0x5
 884 0360 22       		.byte	0x22
 885 0361 9C000000 		.4byte	0x9c
 886 0365 05       		.uleb128 0x5
 887 0366 03       		.byte	0x3
 888 0367 00000000 		.4byte	flag_rf_transmission_active
 889 036b 14       		.uleb128 0x14
 890 036c 8A000000 		.4byte	0x8a
 891 0370 7B030000 		.4byte	0x37b
 892 0374 15       		.uleb128 0x15
 893 0375 7D000000 		.4byte	0x7d
 894 0379 3F       		.byte	0x3f
 895 037a 00       		.byte	0
 896 037b 13       		.uleb128 0x13
 897 037c E0020000 		.4byte	.LASF57
 898 0380 05       		.byte	0x5
 899 0381 25       		.byte	0x25
 900 0382 6B030000 		.4byte	0x36b
 901 0386 05       		.uleb128 0x5
 902 0387 03       		.byte	0x3
 903 0388 00000000 		.4byte	displaystring
 904 038c 13       		.uleb128 0x13
 905 038d 2E010000 		.4byte	.LASF58
 906 0391 05       		.byte	0x5
 907 0392 26       		.byte	0x26
 908 0393 6B030000 		.4byte	0x36b
 909 0397 05       		.uleb128 0x5
 910 0398 03       		.byte	0x3
 911 0399 00000000 		.4byte	line
 912 039d 13       		.uleb128 0x13
 913 039e F4010000 		.4byte	.LASF59
 914 03a2 05       		.byte	0x5
 915 03a3 26       		.byte	0x26
 916 03a4 6B030000 		.4byte	0x36b
 917 03a8 05       		.uleb128 0x5
 918 03a9 03       		.byte	0x3
 919 03aa 00000000 		.4byte	entry
 920 03ae 14       		.uleb128 0x14
 921 03af 9C000000 		.4byte	0x9c
 922 03b3 BE030000 		.4byte	0x3be
ARM GAS  C:\Users\ROSS\AppData\Local\Temp\ccA3Sfkd.s 			page 20


 923 03b7 15       		.uleb128 0x15
 924 03b8 7D000000 		.4byte	0x7d
 925 03bc 3F       		.byte	0x3f
 926 03bd 00       		.byte	0
 927 03be 13       		.uleb128 0x13
 928 03bf 6B000000 		.4byte	.LASF60
 929 03c3 05       		.byte	0x5
 930 03c4 27       		.byte	0x27
 931 03c5 AE030000 		.4byte	0x3ae
 932 03c9 05       		.uleb128 0x5
 933 03ca 03       		.byte	0x3
 934 03cb 00000000 		.4byte	usbBuffer
 935 03cf 13       		.uleb128 0x13
 936 03d0 55000000 		.4byte	.LASF61
 937 03d4 05       		.byte	0x5
 938 03d5 3C       		.byte	0x3c
 939 03d6 DA000000 		.4byte	0xda
 940 03da 05       		.uleb128 0x5
 941 03db 03       		.byte	0x3
 942 03dc 00000000 		.4byte	system_state
 943 03e0 00       		.byte	0
 944              		.section	.debug_abbrev,"",%progbits
 945              	.Ldebug_abbrev0:
 946 0000 01       		.uleb128 0x1
 947 0001 11       		.uleb128 0x11
 948 0002 01       		.byte	0x1
 949 0003 25       		.uleb128 0x25
 950 0004 0E       		.uleb128 0xe
 951 0005 13       		.uleb128 0x13
 952 0006 0B       		.uleb128 0xb
 953 0007 03       		.uleb128 0x3
 954 0008 0E       		.uleb128 0xe
 955 0009 1B       		.uleb128 0x1b
 956 000a 0E       		.uleb128 0xe
 957 000b 55       		.uleb128 0x55
 958 000c 17       		.uleb128 0x17
 959 000d 11       		.uleb128 0x11
 960 000e 01       		.uleb128 0x1
 961 000f 10       		.uleb128 0x10
 962 0010 17       		.uleb128 0x17
 963 0011 00       		.byte	0
 964 0012 00       		.byte	0
 965 0013 02       		.uleb128 0x2
 966 0014 24       		.uleb128 0x24
 967 0015 00       		.byte	0
 968 0016 0B       		.uleb128 0xb
 969 0017 0B       		.uleb128 0xb
 970 0018 3E       		.uleb128 0x3e
 971 0019 0B       		.uleb128 0xb
 972 001a 03       		.uleb128 0x3
 973 001b 0E       		.uleb128 0xe
 974 001c 00       		.byte	0
 975 001d 00       		.byte	0
 976 001e 03       		.uleb128 0x3
 977 001f 16       		.uleb128 0x16
 978 0020 00       		.byte	0
 979 0021 03       		.uleb128 0x3
ARM GAS  C:\Users\ROSS\AppData\Local\Temp\ccA3Sfkd.s 			page 21


 980 0022 0E       		.uleb128 0xe
 981 0023 3A       		.uleb128 0x3a
 982 0024 0B       		.uleb128 0xb
 983 0025 3B       		.uleb128 0x3b
 984 0026 0B       		.uleb128 0xb
 985 0027 49       		.uleb128 0x49
 986 0028 13       		.uleb128 0x13
 987 0029 00       		.byte	0
 988 002a 00       		.byte	0
 989 002b 04       		.uleb128 0x4
 990 002c 24       		.uleb128 0x24
 991 002d 00       		.byte	0
 992 002e 0B       		.uleb128 0xb
 993 002f 0B       		.uleb128 0xb
 994 0030 3E       		.uleb128 0x3e
 995 0031 0B       		.uleb128 0xb
 996 0032 03       		.uleb128 0x3
 997 0033 08       		.uleb128 0x8
 998 0034 00       		.byte	0
 999 0035 00       		.byte	0
 1000 0036 05       		.uleb128 0x5
 1001 0037 0F       		.uleb128 0xf
 1002 0038 00       		.byte	0
 1003 0039 0B       		.uleb128 0xb
 1004 003a 0B       		.uleb128 0xb
 1005 003b 49       		.uleb128 0x49
 1006 003c 13       		.uleb128 0x13
 1007 003d 00       		.byte	0
 1008 003e 00       		.byte	0
 1009 003f 06       		.uleb128 0x6
 1010 0040 16       		.uleb128 0x16
 1011 0041 00       		.byte	0
 1012 0042 03       		.uleb128 0x3
 1013 0043 0E       		.uleb128 0xe
 1014 0044 3A       		.uleb128 0x3a
 1015 0045 0B       		.uleb128 0xb
 1016 0046 3B       		.uleb128 0x3b
 1017 0047 05       		.uleb128 0x5
 1018 0048 49       		.uleb128 0x49
 1019 0049 13       		.uleb128 0x13
 1020 004a 00       		.byte	0
 1021 004b 00       		.byte	0
 1022 004c 07       		.uleb128 0x7
 1023 004d 13       		.uleb128 0x13
 1024 004e 01       		.byte	0x1
 1025 004f 03       		.uleb128 0x3
 1026 0050 0E       		.uleb128 0xe
 1027 0051 0B       		.uleb128 0xb
 1028 0052 0B       		.uleb128 0xb
 1029 0053 3A       		.uleb128 0x3a
 1030 0054 0B       		.uleb128 0xb
 1031 0055 3B       		.uleb128 0x3b
 1032 0056 0B       		.uleb128 0xb
 1033 0057 01       		.uleb128 0x1
 1034 0058 13       		.uleb128 0x13
 1035 0059 00       		.byte	0
 1036 005a 00       		.byte	0
ARM GAS  C:\Users\ROSS\AppData\Local\Temp\ccA3Sfkd.s 			page 22


 1037 005b 08       		.uleb128 0x8
 1038 005c 0D       		.uleb128 0xd
 1039 005d 00       		.byte	0
 1040 005e 03       		.uleb128 0x3
 1041 005f 0E       		.uleb128 0xe
 1042 0060 3A       		.uleb128 0x3a
 1043 0061 0B       		.uleb128 0xb
 1044 0062 3B       		.uleb128 0x3b
 1045 0063 0B       		.uleb128 0xb
 1046 0064 49       		.uleb128 0x49
 1047 0065 13       		.uleb128 0x13
 1048 0066 38       		.uleb128 0x38
 1049 0067 0B       		.uleb128 0xb
 1050 0068 00       		.byte	0
 1051 0069 00       		.byte	0
 1052 006a 09       		.uleb128 0x9
 1053 006b 2E       		.uleb128 0x2e
 1054 006c 01       		.byte	0x1
 1055 006d 3F       		.uleb128 0x3f
 1056 006e 19       		.uleb128 0x19
 1057 006f 03       		.uleb128 0x3
 1058 0070 0E       		.uleb128 0xe
 1059 0071 3A       		.uleb128 0x3a
 1060 0072 0B       		.uleb128 0xb
 1061 0073 3B       		.uleb128 0x3b
 1062 0074 0B       		.uleb128 0xb
 1063 0075 49       		.uleb128 0x49
 1064 0076 13       		.uleb128 0x13
 1065 0077 11       		.uleb128 0x11
 1066 0078 01       		.uleb128 0x1
 1067 0079 12       		.uleb128 0x12
 1068 007a 06       		.uleb128 0x6
 1069 007b 40       		.uleb128 0x40
 1070 007c 18       		.uleb128 0x18
 1071 007d 9642     		.uleb128 0x2116
 1072 007f 19       		.uleb128 0x19
 1073 0080 01       		.uleb128 0x1
 1074 0081 13       		.uleb128 0x13
 1075 0082 00       		.byte	0
 1076 0083 00       		.byte	0
 1077 0084 0A       		.uleb128 0xa
 1078 0085 0B       		.uleb128 0xb
 1079 0086 01       		.byte	0x1
 1080 0087 11       		.uleb128 0x11
 1081 0088 01       		.uleb128 0x1
 1082 0089 12       		.uleb128 0x12
 1083 008a 06       		.uleb128 0x6
 1084 008b 00       		.byte	0
 1085 008c 00       		.byte	0
 1086 008d 0B       		.uleb128 0xb
 1087 008e 34       		.uleb128 0x34
 1088 008f 00       		.byte	0
 1089 0090 03       		.uleb128 0x3
 1090 0091 0E       		.uleb128 0xe
 1091 0092 3A       		.uleb128 0x3a
 1092 0093 0B       		.uleb128 0xb
 1093 0094 3B       		.uleb128 0x3b
ARM GAS  C:\Users\ROSS\AppData\Local\Temp\ccA3Sfkd.s 			page 23


 1094 0095 0B       		.uleb128 0xb
 1095 0096 49       		.uleb128 0x49
 1096 0097 13       		.uleb128 0x13
 1097 0098 02       		.uleb128 0x2
 1098 0099 18       		.uleb128 0x18
 1099 009a 00       		.byte	0
 1100 009b 00       		.byte	0
 1101 009c 0C       		.uleb128 0xc
 1102 009d 2E       		.uleb128 0x2e
 1103 009e 01       		.byte	0x1
 1104 009f 3F       		.uleb128 0x3f
 1105 00a0 19       		.uleb128 0x19
 1106 00a1 03       		.uleb128 0x3
 1107 00a2 0E       		.uleb128 0xe
 1108 00a3 3A       		.uleb128 0x3a
 1109 00a4 0B       		.uleb128 0xb
 1110 00a5 3B       		.uleb128 0x3b
 1111 00a6 0B       		.uleb128 0xb
 1112 00a7 27       		.uleb128 0x27
 1113 00a8 19       		.uleb128 0x19
 1114 00a9 11       		.uleb128 0x11
 1115 00aa 01       		.uleb128 0x1
 1116 00ab 12       		.uleb128 0x12
 1117 00ac 06       		.uleb128 0x6
 1118 00ad 40       		.uleb128 0x40
 1119 00ae 18       		.uleb128 0x18
 1120 00af 9642     		.uleb128 0x2116
 1121 00b1 19       		.uleb128 0x19
 1122 00b2 01       		.uleb128 0x1
 1123 00b3 13       		.uleb128 0x13
 1124 00b4 00       		.byte	0
 1125 00b5 00       		.byte	0
 1126 00b6 0D       		.uleb128 0xd
 1127 00b7 05       		.uleb128 0x5
 1128 00b8 00       		.byte	0
 1129 00b9 03       		.uleb128 0x3
 1130 00ba 08       		.uleb128 0x8
 1131 00bb 3A       		.uleb128 0x3a
 1132 00bc 0B       		.uleb128 0xb
 1133 00bd 3B       		.uleb128 0x3b
 1134 00be 0B       		.uleb128 0xb
 1135 00bf 49       		.uleb128 0x49
 1136 00c0 13       		.uleb128 0x13
 1137 00c1 02       		.uleb128 0x2
 1138 00c2 18       		.uleb128 0x18
 1139 00c3 00       		.byte	0
 1140 00c4 00       		.byte	0
 1141 00c5 0E       		.uleb128 0xe
 1142 00c6 2E       		.uleb128 0x2e
 1143 00c7 01       		.byte	0x1
 1144 00c8 3F       		.uleb128 0x3f
 1145 00c9 19       		.uleb128 0x19
 1146 00ca 03       		.uleb128 0x3
 1147 00cb 0E       		.uleb128 0xe
 1148 00cc 3A       		.uleb128 0x3a
 1149 00cd 0B       		.uleb128 0xb
 1150 00ce 3B       		.uleb128 0x3b
ARM GAS  C:\Users\ROSS\AppData\Local\Temp\ccA3Sfkd.s 			page 24


 1151 00cf 0B       		.uleb128 0xb
 1152 00d0 11       		.uleb128 0x11
 1153 00d1 01       		.uleb128 0x1
 1154 00d2 12       		.uleb128 0x12
 1155 00d3 06       		.uleb128 0x6
 1156 00d4 40       		.uleb128 0x40
 1157 00d5 18       		.uleb128 0x18
 1158 00d6 9642     		.uleb128 0x2116
 1159 00d8 19       		.uleb128 0x19
 1160 00d9 01       		.uleb128 0x1
 1161 00da 13       		.uleb128 0x13
 1162 00db 00       		.byte	0
 1163 00dc 00       		.byte	0
 1164 00dd 0F       		.uleb128 0xf
 1165 00de 34       		.uleb128 0x34
 1166 00df 00       		.byte	0
 1167 00e0 03       		.uleb128 0x3
 1168 00e1 08       		.uleb128 0x8
 1169 00e2 3A       		.uleb128 0x3a
 1170 00e3 0B       		.uleb128 0xb
 1171 00e4 3B       		.uleb128 0x3b
 1172 00e5 0B       		.uleb128 0xb
 1173 00e6 49       		.uleb128 0x49
 1174 00e7 13       		.uleb128 0x13
 1175 00e8 02       		.uleb128 0x2
 1176 00e9 18       		.uleb128 0x18
 1177 00ea 00       		.byte	0
 1178 00eb 00       		.byte	0
 1179 00ec 10       		.uleb128 0x10
 1180 00ed 34       		.uleb128 0x34
 1181 00ee 00       		.byte	0
 1182 00ef 03       		.uleb128 0x3
 1183 00f0 0E       		.uleb128 0xe
 1184 00f1 3A       		.uleb128 0x3a
 1185 00f2 0B       		.uleb128 0xb
 1186 00f3 3B       		.uleb128 0x3b
 1187 00f4 05       		.uleb128 0x5
 1188 00f5 49       		.uleb128 0x49
 1189 00f6 13       		.uleb128 0x13
 1190 00f7 3F       		.uleb128 0x3f
 1191 00f8 19       		.uleb128 0x19
 1192 00f9 3C       		.uleb128 0x3c
 1193 00fa 19       		.uleb128 0x19
 1194 00fb 00       		.byte	0
 1195 00fc 00       		.byte	0
 1196 00fd 11       		.uleb128 0x11
 1197 00fe 35       		.uleb128 0x35
 1198 00ff 00       		.byte	0
 1199 0100 49       		.uleb128 0x49
 1200 0101 13       		.uleb128 0x13
 1201 0102 00       		.byte	0
 1202 0103 00       		.byte	0
 1203 0104 12       		.uleb128 0x12
 1204 0105 34       		.uleb128 0x34
 1205 0106 00       		.byte	0
 1206 0107 03       		.uleb128 0x3
 1207 0108 08       		.uleb128 0x8
ARM GAS  C:\Users\ROSS\AppData\Local\Temp\ccA3Sfkd.s 			page 25


 1208 0109 3A       		.uleb128 0x3a
 1209 010a 0B       		.uleb128 0xb
 1210 010b 3B       		.uleb128 0x3b
 1211 010c 0B       		.uleb128 0xb
 1212 010d 49       		.uleb128 0x49
 1213 010e 13       		.uleb128 0x13
 1214 010f 3F       		.uleb128 0x3f
 1215 0110 19       		.uleb128 0x19
 1216 0111 02       		.uleb128 0x2
 1217 0112 18       		.uleb128 0x18
 1218 0113 00       		.byte	0
 1219 0114 00       		.byte	0
 1220 0115 13       		.uleb128 0x13
 1221 0116 34       		.uleb128 0x34
 1222 0117 00       		.byte	0
 1223 0118 03       		.uleb128 0x3
 1224 0119 0E       		.uleb128 0xe
 1225 011a 3A       		.uleb128 0x3a
 1226 011b 0B       		.uleb128 0xb
 1227 011c 3B       		.uleb128 0x3b
 1228 011d 0B       		.uleb128 0xb
 1229 011e 49       		.uleb128 0x49
 1230 011f 13       		.uleb128 0x13
 1231 0120 3F       		.uleb128 0x3f
 1232 0121 19       		.uleb128 0x19
 1233 0122 02       		.uleb128 0x2
 1234 0123 18       		.uleb128 0x18
 1235 0124 00       		.byte	0
 1236 0125 00       		.byte	0
 1237 0126 14       		.uleb128 0x14
 1238 0127 01       		.uleb128 0x1
 1239 0128 01       		.byte	0x1
 1240 0129 49       		.uleb128 0x49
 1241 012a 13       		.uleb128 0x13
 1242 012b 01       		.uleb128 0x1
 1243 012c 13       		.uleb128 0x13
 1244 012d 00       		.byte	0
 1245 012e 00       		.byte	0
 1246 012f 15       		.uleb128 0x15
 1247 0130 21       		.uleb128 0x21
 1248 0131 00       		.byte	0
 1249 0132 49       		.uleb128 0x49
 1250 0133 13       		.uleb128 0x13
 1251 0134 2F       		.uleb128 0x2f
 1252 0135 0B       		.uleb128 0xb
 1253 0136 00       		.byte	0
 1254 0137 00       		.byte	0
 1255 0138 00       		.byte	0
 1256              		.section	.debug_aranges,"",%progbits
 1257 0000 34000000 		.4byte	0x34
 1258 0004 0200     		.2byte	0x2
 1259 0006 00000000 		.4byte	.Ldebug_info0
 1260 000a 04       		.byte	0x4
 1261 000b 00       		.byte	0
 1262 000c 0000     		.2byte	0
 1263 000e 0000     		.2byte	0
 1264 0010 00000000 		.4byte	.LFB64
ARM GAS  C:\Users\ROSS\AppData\Local\Temp\ccA3Sfkd.s 			page 26


 1265 0014 74000000 		.4byte	.LFE64-.LFB64
 1266 0018 00000000 		.4byte	.LFB65
 1267 001c 3E000000 		.4byte	.LFE65-.LFB65
 1268 0020 00000000 		.4byte	.LFB66
 1269 0024 26000000 		.4byte	.LFE66-.LFB66
 1270 0028 00000000 		.4byte	.LFB67
 1271 002c C8000000 		.4byte	.LFE67-.LFB67
 1272 0030 00000000 		.4byte	0
 1273 0034 00000000 		.4byte	0
 1274              		.section	.debug_ranges,"",%progbits
 1275              	.Ldebug_ranges0:
 1276 0000 00000000 		.4byte	.LFB64
 1277 0004 74000000 		.4byte	.LFE64
 1278 0008 00000000 		.4byte	.LFB65
 1279 000c 3E000000 		.4byte	.LFE65
 1280 0010 00000000 		.4byte	.LFB66
 1281 0014 26000000 		.4byte	.LFE66
 1282 0018 00000000 		.4byte	.LFB67
 1283 001c C8000000 		.4byte	.LFE67
 1284 0020 00000000 		.4byte	0
 1285 0024 00000000 		.4byte	0
 1286              		.section	.debug_line,"",%progbits
 1287              	.Ldebug_line0:
 1288 0000 EB010000 		.section	.debug_str,"MS",%progbits,1
 1288      02005601 
 1288      00000201 
 1288      FB0E0D00 
 1288      01010101 
 1289              	.LASF39:
 1290 0000 75736250 		.ascii	"usbPutChar\000"
 1290      75744368 
 1290      617200
 1291              	.LASF44:
 1292 000b 74735F65 		.ascii	"ts_enc\000"
 1292      6E6300
 1293              	.LASF19:
 1294 0012 646F7562 		.ascii	"double\000"
 1294      6C6500
 1295              	.LASF53:
 1296 0019 666C6167 		.ascii	"flag_packet\000"
 1296      5F706163 
 1296      6B657400 
 1297              	.LASF51:
 1298 0025 666C6167 		.ascii	"flag_ts_display\000"
 1298      5F74735F 
 1298      64697370 
 1298      6C617900 
 1299              	.LASF50:
 1300 0035 666C6167 		.ascii	"flag_ts_speed\000"
 1300      5F74735F 
 1300      73706565 
 1300      6400
 1301              	.LASF33:
 1302 0043 67325F78 		.ascii	"g2_xpos\000"
 1302      706F7300 
 1303              	.LASF2:
 1304 004b 73686F72 		.ascii	"short int\000"
ARM GAS  C:\Users\ROSS\AppData\Local\Temp\ccA3Sfkd.s 			page 27


 1304      7420696E 
 1304      7400
 1305              	.LASF61:
 1306 0055 73797374 		.ascii	"system_state\000"
 1306      656D5F73 
 1306      74617465 
 1306      00
 1307              	.LASF10:
 1308 0062 73697A65 		.ascii	"sizetype\000"
 1308      74797065 
 1308      00
 1309              	.LASF60:
 1310 006b 75736242 		.ascii	"usbBuffer\000"
 1310      75666665 
 1310      7200
 1311              	.LASF62:
 1312 0075 474E5520 		.ascii	"GNU C11 5.4.1 20160609 (release) [ARM/embedded-5-br"
 1312      43313120 
 1312      352E342E 
 1312      31203230 
 1312      31363036 
 1313 00a8 616E6368 		.ascii	"anch revision 237715] -mcpu=cortex-m3 -mthumb -g -O"
 1313      20726576 
 1313      6973696F 
 1313      6E203233 
 1313      37373135 
 1314 00db 30202D66 		.ascii	"0 -ffunction-sections -ffat-lto-objects\000"
 1314      66756E63 
 1314      74696F6E 
 1314      2D736563 
 1314      74696F6E 
 1315              	.LASF37:
 1316 0103 6D61696E 		.ascii	"main\000"
 1316      00
 1317              	.LASF15:
 1318 0108 75696E74 		.ascii	"uint16\000"
 1318      313600
 1319              	.LASF21:
 1320 010f 696E6465 		.ascii	"index\000"
 1320      7800
 1321              	.LASF17:
 1322 0115 696E7431 		.ascii	"int16\000"
 1322      3600
 1323              	.LASF14:
 1324 011b 75696E74 		.ascii	"uint8\000"
 1324      3800
 1325              	.LASF32:
 1326 0121 67315F64 		.ascii	"g1_direction\000"
 1326      69726563 
 1326      74696F6E 
 1326      00
 1327              	.LASF58:
 1328 012e 6C696E65 		.ascii	"line\000"
 1328      00
 1329              	.LASF18:
 1330 0133 666C6F61 		.ascii	"float\000"
 1330      7400
ARM GAS  C:\Users\ROSS\AppData\Local\Temp\ccA3Sfkd.s 			page 28


 1331              	.LASF6:
 1332 0139 6C6F6E67 		.ascii	"long long int\000"
 1332      206C6F6E 
 1332      6720696E 
 1332      7400
 1333              	.LASF38:
 1334 0147 75736250 		.ascii	"usbPutString\000"
 1334      75745374 
 1334      72696E67 
 1334      00
 1335              	.LASF16:
 1336 0154 696E7438 		.ascii	"int8\000"
 1336      00
 1337              	.LASF49:
 1338 0159 666C6167 		.ascii	"flag_ts_update\000"
 1338      5F74735F 
 1338      75706461 
 1338      746500
 1339              	.LASF34:
 1340 0168 67325F79 		.ascii	"g2_ypos\000"
 1340      706F7300 
 1341              	.LASF28:
 1342 0170 67305F64 		.ascii	"g0_direction\000"
 1342      69726563 
 1342      74696F6E 
 1342      00
 1343              	.LASF25:
 1344 017d 67305F78 		.ascii	"g0_xpos\000"
 1344      706F7300 
 1345              	.LASF4:
 1346 0185 6C6F6E67 		.ascii	"long int\000"
 1346      20696E74 
 1346      00
 1347              	.LASF64:
 1348 018e 443A5C43 		.ascii	"D:\\CourseWork\\COMPSYS301\\psoc student pack\\psoc"
 1348      6F757273 
 1348      65576F72 
 1348      6B5C434F 
 1348      4D505359 
 1349 01bd 20737475 		.ascii	" student pack\\psoc_code_base\\CS301_Class.cydsn\000"
 1349      64656E74 
 1349      20706163 
 1349      6B5C7073 
 1349      6F635F63 
 1350              	.LASF52:
 1351 01ec 666C6167 		.ascii	"flag_rx\000"
 1351      5F727800 
 1352              	.LASF59:
 1353 01f4 656E7472 		.ascii	"entry\000"
 1353      7900
 1354              	.LASF9:
 1355 01fa 6C6F6E67 		.ascii	"long double\000"
 1355      20646F75 
 1355      626C6500 
 1356              	.LASF1:
 1357 0206 756E7369 		.ascii	"unsigned char\000"
 1357      676E6564 
ARM GAS  C:\Users\ROSS\AppData\Local\Temp\ccA3Sfkd.s 			page 29


 1357      20636861 
 1357      7200
 1358              	.LASF40:
 1359 0214 64757479 		.ascii	"duty\000"
 1359      00
 1360              	.LASF27:
 1361 0219 67305F73 		.ascii	"g0_speed\000"
 1361      70656564 
 1361      00
 1362              	.LASF55:
 1363 0222 64617461 		.ascii	"dataready_flag\000"
 1363      72656164 
 1363      795F666C 
 1363      616700
 1364              	.LASF0:
 1365 0231 7369676E 		.ascii	"signed char\000"
 1365      65642063 
 1365      68617200 
 1366              	.LASF7:
 1367 023d 6C6F6E67 		.ascii	"long long unsigned int\000"
 1367      206C6F6E 
 1367      6720756E 
 1367      7369676E 
 1367      65642069 
 1368              	.LASF8:
 1369 0254 756E7369 		.ascii	"unsigned int\000"
 1369      676E6564 
 1369      20696E74 
 1369      00
 1370              	.LASF54:
 1371 0261 666C6167 		.ascii	"flag_KB_string\000"
 1371      5F4B425F 
 1371      73747269 
 1371      6E6700
 1372              	.LASF42:
 1373 0270 75736242 		.ascii	"usbBufCount\000"
 1373      7566436F 
 1373      756E7400 
 1374              	.LASF35:
 1375 027c 67325F73 		.ascii	"g2_speed\000"
 1375      70656564 
 1375      00
 1376              	.LASF29:
 1377 0285 67315F78 		.ascii	"g1_xpos\000"
 1377      706F7300 
 1378              	.LASF3:
 1379 028d 73686F72 		.ascii	"short unsigned int\000"
 1379      7420756E 
 1379      7369676E 
 1379      65642069 
 1379      6E7400
 1380              	.LASF65:
 1381 02a0 64617461 		.ascii	"data_main\000"
 1381      5F6D6169 
 1381      6E00
 1382              	.LASF11:
 1383 02aa 63686172 		.ascii	"char\000"
ARM GAS  C:\Users\ROSS\AppData\Local\Temp\ccA3Sfkd.s 			page 30


 1383      00
 1384              	.LASF22:
 1385 02af 726F626F 		.ascii	"robot_xpos\000"
 1385      745F7870 
 1385      6F7300
 1386              	.LASF13:
 1387 02ba 696E7433 		.ascii	"int32_t\000"
 1387      325F7400 
 1388              	.LASF30:
 1389 02c2 67315F79 		.ascii	"g1_ypos\000"
 1389      706F7300 
 1390              	.LASF36:
 1391 02ca 67325F64 		.ascii	"g2_direction\000"
 1391      69726563 
 1391      74696F6E 
 1391      00
 1392              	.LASF31:
 1393 02d7 67315F73 		.ascii	"g1_speed\000"
 1393      70656564 
 1393      00
 1394              	.LASF57:
 1395 02e0 64697370 		.ascii	"displaystring\000"
 1395      6C617973 
 1395      7472696E 
 1395      6700
 1396              	.LASF63:
 1397 02ee 6D61696E 		.ascii	"main.c\000"
 1397      2E6300
 1398              	.LASF5:
 1399 02f5 6C6F6E67 		.ascii	"long unsigned int\000"
 1399      20756E73 
 1399      69676E65 
 1399      6420696E 
 1399      7400
 1400              	.LASF41:
 1401 0307 75736253 		.ascii	"usbStarted\000"
 1401      74617274 
 1401      656400
 1402              	.LASF46:
 1403 0312 74735F73 		.ascii	"ts_speed\000"
 1403      70656564 
 1403      00
 1404              	.LASF48:
 1405 031b 666C6167 		.ascii	"flag_ts_enc\000"
 1405      5F74735F 
 1405      656E6300 
 1406              	.LASF12:
 1407 0327 5F5F696E 		.ascii	"__int32_t\000"
 1407      7433325F 
 1407      7400
 1408              	.LASF26:
 1409 0331 67305F79 		.ascii	"g0_ypos\000"
 1409      706F7300 
 1410              	.LASF47:
 1411 0339 74735F64 		.ascii	"ts_display\000"
 1411      6973706C 
 1411      617900
ARM GAS  C:\Users\ROSS\AppData\Local\Temp\ccA3Sfkd.s 			page 31


 1412              	.LASF45:
 1413 0344 74735F75 		.ascii	"ts_update\000"
 1413      70646174 
 1413      6500
 1414              	.LASF66:
 1415 034e 68616E64 		.ascii	"handle_usb\000"
 1415      6C655F75 
 1415      736200
 1416              	.LASF56:
 1417 0359 666C6167 		.ascii	"flag_rf_transmission_active\000"
 1417      5F72665F 
 1417      7472616E 
 1417      736D6973 
 1417      73696F6E 
 1418              	.LASF23:
 1419 0375 726F626F 		.ascii	"robot_ypos\000"
 1419      745F7970 
 1419      6F7300
 1420              	.LASF43:
 1421 0380 49544D5F 		.ascii	"ITM_RxBuffer\000"
 1421      52784275 
 1421      66666572 
 1421      00
 1422              	.LASF20:
 1423 038d 72737369 		.ascii	"rssi\000"
 1423      00
 1424              	.LASF24:
 1425 0392 726F626F 		.ascii	"robot_orientation\000"
 1425      745F6F72 
 1425      69656E74 
 1425      6174696F 
 1425      6E00
 1426              		.ident	"GCC: (GNU Tools for ARM Embedded Processors) 5.4.1 20160609 (release) [ARM/embedded-5-bran
